// Jest Snapshot v1, https://goo.gl/fbAQLP

exports[`DropDown Editor renders default value 1`] = `
.c15 {
  display: inline-block;
  -webkit-flex: 0 0 auto;
  -ms-flex: 0 0 auto;
  flex: 0 0 auto;
  width: 24px;
  height: 24px;
  fill: #7D4CDB;
  stroke: #7D4CDB;
}

.c15 g {
  fill: inherit;
  stroke: inherit;
}

.c15 *:not([stroke])[fill="none"] {
  stroke-width: 0;
}

.c15 *[stroke*="#"],
.c15 *[STROKE*="#"] {
  stroke: inherit;
  fill: none;
}

.c15 *[fill-rule],
.c15 *[FILL-RULE],
.c15 *[fill*="#"],
.c15 *[FILL*="#"] {
  fill: inherit;
  stroke: none;
}

.c1 {
  display: -webkit-box;
  display: -webkit-flex;
  display: -ms-flexbox;
  display: flex;
  box-sizing: border-box;
  max-width: 100%;
  grid-area: body;
  min-width: 0;
  min-height: 0;
  -webkit-flex-direction: column;
  -ms-flex-direction: column;
  flex-direction: column;
}

.c2 {
  display: -webkit-box;
  display: -webkit-flex;
  display: -ms-flexbox;
  display: flex;
  box-sizing: border-box;
  max-width: 100%;
  grid-area: no-area;
  min-width: 0;
  min-height: 0;
  -webkit-flex-direction: column;
  -ms-flex-direction: column;
  flex-direction: column;
  padding: 12px;
}

.c3 {
  display: -webkit-box;
  display: -webkit-flex;
  display: -ms-flexbox;
  display: flex;
  box-sizing: border-box;
  max-width: 100%;
  min-width: 0;
  min-height: 0;
  -webkit-flex-direction: column;
  -ms-flex-direction: column;
  flex-direction: column;
}

.c4 {
  display: -webkit-box;
  display: -webkit-flex;
  display: -ms-flexbox;
  display: flex;
  box-sizing: border-box;
  max-width: 100%;
  margin-bottom: 12px;
  min-width: 0;
  min-height: 0;
  -webkit-flex-direction: column;
  -ms-flex-direction: column;
  flex-direction: column;
}

.c9 {
  display: -webkit-box;
  display: -webkit-flex;
  display: -ms-flexbox;
  display: flex;
  box-sizing: border-box;
  max-width: 100%;
  -webkit-align-items: center;
  -webkit-box-align: center;
  -ms-flex-align: center;
  align-items: center;
  min-width: 0;
  min-height: 0;
  -webkit-flex-direction: row;
  -ms-flex-direction: row;
  flex-direction: row;
  -webkit-box-pack: justify;
  -webkit-justify-content: space-between;
  -ms-flex-pack: justify;
  justify-content: space-between;
}

.c10 {
  display: -webkit-box;
  display: -webkit-flex;
  display: -ms-flexbox;
  display: flex;
  box-sizing: border-box;
  min-width: 0;
  min-height: 0;
  -webkit-flex-direction: row;
  -ms-flex-direction: row;
  flex-direction: row;
  -webkit-flex: 1 1;
  -ms-flex: 1 1;
  flex: 1 1;
  -webkit-flex-basis: auto;
  -ms-flex-preferred-size: auto;
  flex-basis: auto;
}

.c14 {
  display: -webkit-box;
  display: -webkit-flex;
  display: -ms-flexbox;
  display: flex;
  box-sizing: border-box;
  max-width: 100%;
  margin-left: 12px;
  margin-right: 12px;
  min-width: 0;
  min-height: 0;
  -webkit-flex-direction: column;
  -ms-flex-direction: column;
  flex-direction: column;
  -webkit-flex: 0 0 auto;
  -ms-flex: 0 0 auto;
  flex: 0 0 auto;
}

.c16 {
  display: -webkit-box;
  display: -webkit-flex;
  display: -ms-flexbox;
  display: flex;
  box-sizing: border-box;
  max-width: 100%;
  margin-left: 12px;
  margin-right: 12px;
  margin-top: 6px;
  margin-bottom: 6px;
  min-width: 0;
  min-height: 0;
  -webkit-flex-direction: column;
  -ms-flex-direction: column;
  flex-direction: column;
}

.c7 {
  display: inline-block;
  box-sizing: border-box;
  cursor: pointer;
  font: inherit;
  -webkit-text-decoration: none;
  text-decoration: none;
  margin: 0;
  background: transparent;
  overflow: visible;
  text-transform: none;
  color: inherit;
  outline: none;
  border: none;
  padding: 0;
  text-align: inherit;
}

.c7:focus {
  outline: none;
  box-shadow: 0 0 2px 2px #6FFFB0;
}

.c7:focus > circle,
.c7:focus > ellipse,
.c7:focus > line,
.c7:focus > path,
.c7:focus > polygon,
.c7:focus > polyline,
.c7:focus > rect {
  outline: none;
  box-shadow: 0 0 2px 2px #6FFFB0;
}

.c7:focus::-moz-focus-inner {
  border: 0;
}

.c5 {
  margin-left: 12px;
  margin-right: 12px;
  margin-top: 6px;
  margin-bottom: 6px;
  font-size: 18px;
  line-height: 24px;
}

.c0 {
  display: grid;
  box-sizing: border-box;
  width: 100%;
  height: 100%;
  grid-template-areas: "body" "actions";
  grid-template-columns: 1fr;
  grid-template-rows: 1fr 96px;
}

.c12 {
  box-sizing: border-box;
  font-size: inherit;
  font-family: inherit;
  border: none;
  -webkit-appearance: none;
  background: transparent;
  color: inherit;
  width: 100%;
  padding: 11px;
  font-weight: 600;
  margin: 0;
  border: 1px solid rgba(0,0,0,0.33);
  border-radius: 4px;
  outline: none;
  border: none;
}

.c12::-webkit-input-placeholder {
  color: #AAAAAA;
}

.c12::-moz-placeholder {
  color: #AAAAAA;
}

.c12:-ms-input-placeholder {
  color: #AAAAAA;
}

.c12::-webkit-search-decoration {
  -webkit-appearance: none;
}

.c12::-moz-focus-inner {
  border: none;
  outline: none;
}

.c12:-moz-placeholder,
.c12::-moz-placeholder {
  opacity: 1;
}

.c11 {
  position: relative;
  width: 100%;
}

.c13 {
  cursor: pointer;
}

.c8 {
  border: 1px solid rgba(0,0,0,0.33);
  border-radius: 4px;
}

.c6 {
  width: 15em;
}

@media only screen and (max-width:768px) {
  .c2 {
    padding: 6px;
  }
}

@media only screen and (max-width:768px) {
  .c4 {
    margin-bottom: 6px;
  }
}

@media only screen and (max-width:768px) {
  .c14 {
    margin-left: 6px;
    margin-right: 6px;
  }
}

@media only screen and (max-width:768px) {
  .c16 {
    margin-left: 6px;
    margin-right: 6px;
  }
}

@media only screen and (max-width:768px) {
  .c16 {
    margin-top: 3px;
    margin-bottom: 3px;
  }
}

<div
  class=""
>
  <form>
    <div
      class="c0"
    >
      <div
        class="c1"
      >
        <div
          class="c2"
        >
          <div
            class="c3"
          >
            <div
              class="c4 "
            >
              <label
                class="c5"
              >
                <label
                  class="c6"
                >
                  test
                </label>
              </label>
              <div
                class="c3 FormField__FormFieldContentBox-m9hood-1"
              >
                <button
                  aria-label="Open Drop"
                  class="c7 c8"
                  type="button"
                >
                  <div
                    class="c9"
                  >
                    <div
                      class="c10"
                    >
                      <div
                        class="c11"
                      >
                        <input
                          autocomplete="off"
                          class="c12 c13"
                          readonly=""
                          tabindex="-1"
                          type="text"
                          value=""
                        />
                      </div>
                    </div>
                    <div
                      class="c14"
                      style="min-width: auto;"
                    >
                      <svg
                        aria-label="FormDown"
                        class="c15"
                        viewBox="0 0 24 24"
                      >
                        <polyline
                          fill="none"
                          points="18 9 12 15 6 9"
                          stroke="#000"
                          stroke-width="2"
                        />
                      </svg>
                    </div>
                  </div>
                </button>
              </div>
              <div
                class="c16"
                color="status-critical"
              />
            </div>
          </div>
        </div>
      </div>
    </div>
  </form>
</div>
`;
